[100] One of the parameters specified was missing or invalid: message is empty or invalid[100] One of the parameters specified was missing or invalid: message is empty or invalid[100] One of the parameters specified was missing or invalid: message is empty or invalid